=== ATTEMPT 0 (json_mode=True) ===

You are an expert Python tool developer.
Write a standalone, self-contained Python skill.
Topic: bitwise_permission_flag
Context:
- Flag is the same as Enum but its members support bitwise operators
- Flag.__and__ returns current flag binary and’ed with other
- Flag.__or__ method returns the current flag binary or'ed with another


CRITICAL SECURITY & AST RULES:
1. Built-in `open()` is STRICTLY FORBIDDEN.
   - For reading files, ALWAYS use: `pathlib.Path(file_path).read_bytes()` or `pathlib.Path(file_path).read_text(encoding="utf-8")`.
   - For writing files, ALWAYS use: `pathlib.Path(file_path).write_bytes(...)` or `pathlib.Path(file_path).write_text(...)`.
2. Allowed imports: `pathlib`, `json`, `re`, `math`, `hashlib`, `typing`, `dataclasses`, `datetime`, `enum`, `collections`, `functools`, `itertools`, `unittest`.
3. FORBIDDEN patterns (AST validator will REJECT):
   - NO `__class__`, `__dict__`, `__subclasses__`, `__bases__`, `__mro__`, `__globals__`, `__builtins__`
   - NO `getattr`, `setattr`, `delattr`, `globals`, `locals`, `vars`, `eval`, `exec`, `compile`, `__import__`
   - NO `sys` module, NO `os` module
4. Use simple direct attribute access: `obj.attr` not `getattr(obj, "attr")`.
5. Avoid `@classmethod`/`cls` patterns — prefer plain methods and module-level functions.
6. The skill MUST define an `execute(**kwargs)` function as its entrypoint.
7. PREFERRED STYLE — plain module-level functions over plain ints/strings.
   NO operator overloading (__and__, __or__, __xor__, __invert__), NO
   custom __new__/__init__ tricks, NO Enum subclasses needing them.
   Example of the expected shape:

       def has_flag(flags: int, bit: int) -> bool:
           return (flags & (1 << bit)) != 0

       def execute(flags: int = 0, bit: int = 0) -> dict:
           return {"result": has_flag(flags, bit)}

8. OUTPUT FORMAT — return EITHER:
   A) A single valid JSON object with keys 'skill_name', 'description', 'code', 'test_code' (code values as properly escaped JSON strings), OR
   B) Two markdown blocks: first ```python block = the skill code, second ```python block = unittest test cases.


=== RAW RESPONSE ===
{
	"skill_name": "bitwise_permission_flag",
	"description": "A standalone Python skill implementing a bitwise permission flag system with helper functions for checking, setting, and manipulating flags without using Enum or operator overloading. Uses plain functions and integer-based bitwise operations.",
	"code": "from pathlib import Path\nfrom typing import Dict, Any, Optional\n\n# --- Core Functions ---\n\ndef _bit_to_mask(bit: int) -> int:\n    \"\"\"Convert a bit position to its corresponding bitmask.\"\"\"\n    return 1 << bit\n\ndef has_flag(flags: int, bit: int) -> bool:\n    \"\"\"Check if a flag has a specific bit set.\"\"\"\n    return (flags & _bit_to_mask(bit)) != 0\n\ndef set_flag(flags: int, bit: int) -> int:\n    \"\"\"Set a specific bit in the flags.\"\"\"\n    return flags | _bit_to_mask(bit)\n\ndef clear_flag(flags: int, bit: int) -> int:\n    \"\"\"Clear a specific bit in the flags.\"\"\"\n    return flags & ~_bit_to_mask(bit)\n\ndef toggle_flag(flags: int, bit: int) -> int:\n    \"\"\"Toggle a specific bit in the flags.\"\"\"\n    return flags ^ _bit_to_mask(bit)\n\ndef combine_flags(*flags_list: int) -> int:\n    \"\"\"Combine multiple flags using bitwise OR.\"\"\"\n    result = 0\n    for flags in flags_list:\n        result |= flags\n    return result\n\ndef execute(**kwargs: Any) -> Dict[str, Any]:\n    \"\"\"Entry point for the skill. Handles all operations via kwargs.\"\"\"\n    operation = kwargs.get('operation')\n    flags = kwargs.get('flags', 0)\n    bit = kwargs.get('bit', 0)\n    \n    if operation == 'has_flag':\n        return {'result': has_flag(flags, bit)}\n    elif operation == 'set_flag':\n        return {'result': set_flag(flags, bit)}\n    elif operation == 'clear_flag':\n        return {'result': clear_flag(flags, bit)}\n    elif operation == 'toggle_flag':\n        return {'result': toggle_flag(flags, bit)}\n    elif operation == 'combine_flags':\n        flags_list = kwargs.get('flags_list', [])\n        return {'result': combine_flags(*flags_list)}\n    else:\n        return {'error': 'Invalid operation'}\n\n# --- Helper Functions (Optional) ---\n\ndef _get_flag_names(flags: int) -> Dict[int, str]:\n    \"\"\"Helper to map bit positions to names (not part of core logic).\"\"\"\n    return {\n        0: 'READ',\n        1: 'WRITE',\n        2: 'EXECUTE',\n        3: 'DELETE',\n        4: 'ADMIN'\n    }\n",
	"test_code": "import unittest\nfrom pathlib import Path\nimport json\n\nclass TestBitwisePermissionFlag(unittest.TestCase):\n    def test_has_flag(self):\n        self.assertTrue(has_flag(0b1010, 1))  # Bit 1 is set\n        self.assertFalse(has_flag(0b1010, 0)) # Bit 0 is not set\n        self.assertTrue(has_flag(0b1111, 3))  # All bits set\n\n    def test_set_flag(self):\n        self.assertEqual(set_flag(0b0000, 1), 0b0010)\n        self.assertEqual(set_flag(0b1010, 2), 0b1010 | 0b0100)  # No change if already set\n\n    def test_clear_flag(self):\n        self.assertEqual(clear_flag(0b1010, 1), 0b1000)\n        self.assertEqual(clear_flag(0b0000, 0), 0b0000)  # No change if already cleared\n\n    def test_toggle_flag(self):\n        self.assertEqual(toggle_flag(0b0000, 1), 0b0010)\n        self.assertEqual(toggle_flag(0b0010, 1), 0b0000)\n\n    def test_combine_flags(self):\n        self.assertEqual(combine_flags(0b0010, 0b0100), 0b0110)\n        self.assertEqual(combine_flags(0b1111, 0b0000), 0b1111)\n\n    def test_execute(self):\n        # Test has_flag\n        result = execute(operation='has_flag', flags=0b1010, bit=1)\n        self.assertEqual(result, {'result': True})\n        \n        # Test set_flag\n        result = execute(operation='set_flag', flags=0b0000, bit=1)\n        self.assertEqual(result, {'result': 0b0010})\n        \n        # Test combine_flags\n        result = execute(operation='combine_flags', flags_list=[0b0010, 0b0100])\n        self.assertEqual(result, {'result': 0b0110})\n        \n        # Test invalid operation\n        result = execute(operation='invalid')\n        self.assertEqual(result, {'error': 'Invalid operation'})\n\nif __name__ == '__main__':\n    unittest.main()"
}
